Hydrogen
angularjs
angularjs-snippets
asciidoc-preview
atom-angular-material-snippets
atom-beautify
atom-bootstrap3
atom-easy-jsdoc
atom-mermaid
atom-react-native-autocomplete
atom-ternjs
autocomplete-angular-material
autocomplete-clang
autocomplete-emojis
autocomplete-flow
autocomplete-go
autocomplete-java
autocomplete-json
autocomplete-modules
autocomplete-paths
autocomplete-python
autocomplete-swift
autocomplete-xml
browser-plus
builder-go
chester-atom-syntax
clipboard-plus
color-picker
devdocs
dockerletion
emmet
file-icons
git-control
git-plus
git-time-machine
go-config
go-get
go-plus
gofmt
gometalinter-linter
gorename
graphviz-preview
hyperclick
ide-flow
ink
intentions
julia-client
language-asciidoc
language-babel
language-docker
language-dot
language-graphql
language-javascript-jsx
language-julia
language-latex
language-rdf
language-sparql
language-swift
latex
latex-completions
latexer
linter
linter-chktex
linter-csslint
linter-docker
linter-eslint
linter-flow
linter-less
linter-spell
linter-spell-html
linter-spell-javascript
linter-spell-latex
linter-swiftc
linter-tidy
merge-conflicts
minimap
minimap-bookmarks
minimap-find-and-replace
minimap-git-diff
navigator-godef
pdf-view
pigments
react-snippets
terminal-plus
tester-go
tool-bar
uber-juno
