angularjs
angularjs-snippets
api-workbench
asciidoc-preview
atom-angular-material-snippets
atom-beautify
atom-bootstrap3
atom-easy-jsdoc
atom-material-numix-syntax
atom-material-syntax-dark
atom-material-ui
atom-mermaid
atom-pair
atom-polymer
atom-react-native-autocomplete
atom-ternjs
autocomplete-angular-material
autocomplete-clang
autocomplete-emojis
autocomplete-flow
autocomplete-go
autocomplete-java
autocomplete-json
autocomplete-modules
autocomplete-paths
autocomplete-python
autocomplete-swift
autocomplete-xml
browser-plus
builder-go
clipboard-plus
color-picker
data-atom
devdocs
dockerletion
emmet
expose
file-icons
git-control
git-plus
git-time-machine
go-config
go-get
go-plus
gofmt
gometalinter-linter
gorename
graphviz-preview
hyperclick
ide-flow
intentions
language-asciidoc
language-babel
language-docker
language-dot
language-graphql
language-javascript-jsx
language-latex
language-plantuml
language-rdf
language-sparql
language-swift
latex
latexer
linter
linter-chktex
linter-csslint
linter-docker
linter-eslint
linter-flow
linter-less
linter-swiftc
linter-tidy
merge-conflicts
minimap
minimap-bookmarks
minimap-find-and-replace
minimap-git-diff
minimap-highlight-selected
navigator-godef
pdf-view
pigments
plantuml-viewer
react-es6-snippets
react-snippets
term3
