angularjs
angularjs-snippets
api-workbench
asciidoc-preview
atom-angular-material-snippets
atom-beautify
atom-bootstrap3
atom-pair
atom-ternjs
atom-tsd
atom-typescript
autocomplete-angular-material
autocomplete-clang
autocomplete-emojis
autocomplete-go
autocomplete-java
autocomplete-json
autocomplete-modules
autocomplete-paths
autocomplete-python
autocomplete-swift
autocomplete-xml
builder-go
clipboard-plus
color-picker
dash
data-atom
dockerletion
emmet
environment
expose
file-icons
git-control
git-plus
git-time-machine
go-config
go-get
go-plus
gofmt
gometalinter-linter
gorename
language-asciidoc
language-babel
language-docker
language-graphql
language-latex
language-plantuml
language-swift
latex
latexer
linter
linter-chktex
linter-csslint
linter-docker
linter-eslint
linter-flow
linter-less
linter-swiftc
linter-tidy
linter-tslint
merge-conflicts
minimap
minimap-bookmarks
minimap-find-and-replace
minimap-git-diff
minimap-highlight-selected
navigator-godef
pdf-view
pigments
plantuml-preview
react
react-snippets
term3
tester-go
tool-bar
tool-bar-almighty
